Oct 14 16:57:21 server1 kernel: [    0.000000] Linux version 5.19.0-35-generic (buildd@lcy02-amd64-020) (x86_64-linux-gnu-gcc (Ubuntu 11.3.0-1ubuntu1~22.04) 11.3.0, GNU ld (GNU Binutils for Ubuntu) 2.38) #36~22.04.1-Ubuntu SMP PREEMPT_DYNAMIC Fri Feb 17 15:17:25 UTC 2 (Ubuntu 5.19.0-35.36~22.04.1-generic 5.19.17)
Oct 14 16:57:21 server1 kernel: [    0.000000] Command line: BOOT_IMAGE=/boot/vmlinuz-5.19.0-35-generic root=UUID=7be17157-ba02-409b-85c8-1d5f6a3145ce ro quiet splash
Oct 14 16:57:21 server1 kernel: [    0.000000] KERNEL supported cpus:
Oct 14 16:57:21 server1 kernel: [    0.000000]   Intel GenuineIntel
Oct 14 16:57:21 server1 kernel: [    0.000000]   AMD AuthenticAMD
Oct 14 16:57:21 server1 kernel: [    0.000000]   Hygon HygonGenuine
Oct 14 16:57:21 server1 kernel: [    0.000000]   Centaur CentaurHauls
Oct 14 16:57:21 server1 kernel: [    0.000000]   zhaoxin   Shanghai  
Oct 14 16:57:21 server1 kernel: [    0.000000] x86/fpu: Supporting XSAVE feature 0x001: 'x87 floating point registers'
Oct 14 16:57:21 server1 kernel: [    0.000000] x86/fpu: Supporting XSAVE feature 0x002: 'SSE registers'
Oct 14 16:57:21 server1 kernel: [    0.000000] x86/fpu: Supporting XSAVE feature 0x004: 'AVX registers'
Oct 14 16:57:21 server1 kernel: [    0.000000] x86/fpu: xstate_offset[2]:  576, xstate_sizes[2]:  256
Oct 14 16:57:21 server1 kernel: [    0.000000] x86/fpu: Enabled xstate features 0x7, context size is 832 bytes, using 'standard' format.
Oct 14 16:57:21 server1 kernel: [    0.000000] signal: max sigframe size: 1776
Oct 14 16:57:21 server1 kernel: [    0.000000] BIOS-provided physical RAM map:
Oct 14 16:57:21 server1 kernel: [    0.000000] BIOS-e820: [mem 0x0000000000000000-0x000000000009fbff] usable
Oct 14 16:57:21 server1 kernel: [    0.000000] BIOS-e820: [mem 0x000000000009fc00-0x000000000009ffff] reserved
Oct 14 16:57:21 server1 kernel: [    0.000000] BIOS-e820: [mem 0x00000000000f0000-0x00000000000fffff] reserved
Oct 14 16:57:21 server1 kernel: [    0.000000] BIOS-e820: [mem 0x0000000000100000-0x000000005dbeffff] usable
Oct 14 16:57:21 server1 kernel: [    0.000000] BIOS-e820: [mem 0x000000005dbf0000-0x000000005dbfffff] ACPI data
Oct 14 16:57:21 server1 kernel: [    0.000000] BIOS-e820: [mem 0x00000000fec00000-0x00000000fec00fff] reserved
Oct 14 16:57:21 server1 kernel: [    0.000000] BIOS-e820: [mem 0x00000000fee00000-0x00000000fee00fff] reserved
Oct 14 16:57:21 server1 kernel: [    0.000000] BIOS-e820: [mem 0x00000000fffc0000-0x00000000ffffffff] reserved
Oct 14 16:57:21 server1 kernel: [    0.000000] NX (Execute Disable) protection: active
Oct 14 16:57:21 server1 kernel: [    0.000000] SMBIOS 2.5 present.
Oct 14 16:57:21 server1 kernel: [    0.000000] DMI: innotek GmbH VirtualBox/VirtualBox, BIOS VirtualBox 12/01/2006
Oct 14 16:57:21 server1 kernel: [    0.000000] Hypervisor detected: KVM
Oct 14 16:57:21 server1 kernel: [    0.000000] kvm-clock: Using msrs 4b564d01 and 4b564d00
Oct 14 16:57:21 server1 kernel: [    0.000022] kvm-clock: using sched offset of 5206780008 cycles
Oct 14 16:57:21 server1 kernel: [    0.000024] clocksource: kvm-clock: mask: 0xffffffffffffffff max_cycles: 0x1cd42e4dffb, max_idle_ns: 881590591483 ns
Oct 14 16:57:21 server1 kernel: [    0.000027] tsc: Detected 2496.004 MHz processor
Oct 14 16:57:21 server1 kernel: [    0.001223] e820: update [mem 0x00000000-0x00000fff] usable ==> reserved
Oct 14 16:57:21 server1 kernel: [    0.001226] e820: remove [mem 0x000a0000-0x000fffff] usable
Oct 14 16:57:21 server1 kernel: [    0.001230] last_pfn = 0x5dbf0 max_arch_pfn = 0x400000000
Oct 14 16:57:21 server1 kernel: [    0.001240] Disabled
Oct 14 16:57:21 server1 kernel: [    0.001240] x86/PAT: MTRRs disabled, skipping PAT initialization too.
Oct 14 16:57:21 server1 kernel: [    0.001242] CPU MTRRs all blank - virtualized system.
Oct 14 16:57:21 server1 kernel: [    0.001244] x86/PAT: Configuration [0-7]: WB  WT  UC- UC  WB  WT  UC- UC  
Oct 14 16:57:21 server1 kernel: [    0.001297] found SMP MP-table at [mem 0x0009fff0-0x0009ffff]
Oct 14 16:57:21 server1 kernel: [    0.001451] RAMDISK: [mem 0x2f46d000-0x33a2dfff]
Oct 14 16:57:21 server1 kernel: [    0.001456] ACPI: Early table checksum verification disabled
Oct 14 16:57:21 server1 kernel: [    0.001459] ACPI: RSDP 0x00000000000E0000 000024 (v02 VBOX  )
Oct 14 16:57:21 server1 kernel: [    0.001463] ACPI: XSDT 0x000000005DBF0030 00003C (v01 VBOX   VBOXXSDT 00000001 ASL  00000061)
Oct 14 16:57:21 server1 kernel: [    0.001468] ACPI: FACP 0x000000005DBF00F0 0000F4 (v04 VBOX   VBOXFACP 00000001 ASL  00000061)
Oct 14 16:57:21 server1 kernel: [    0.001473] ACPI: DSDT 0x000000005DBF0610 002353 (v02 VBOX   VBOXBIOS 00000002 INTL 20100528)
Oct 14 16:57:21 server1 kernel: [    0.001476] ACPI: FACS 0x000000005DBF0200 000040
Oct 14 16:57:21 server1 kernel: [    0.001479] ACPI: FACS 0x000000005DBF0200 000040
Oct 14 16:57:21 server1 kernel: [    0.001481] ACPI: APIC 0x000000005DBF0240 000054 (v02 VBOX   VBOXAPIC 00000001 ASL  00000061)
Oct 14 16:57:21 server1 kernel: [    0.001484] ACPI: SSDT 0x000000005DBF02A0 00036C (v01 VBOX   VBOXCPUT 00000002 INTL 20100528)
Oct 14 16:57:21 server1 kernel: [    0.001487] ACPI: Reserving FACP table memory at [mem 0x5dbf00f0-0x5dbf01e3]
Oct 14 16:57:21 server1 kernel: [    0.001488] ACPI: Reserving DSDT table memory at [mem 0x5dbf0610-0x5dbf2962]
Oct 14 16:57:21 server1 kernel: [    0.001488] ACPI: Reserving FACS table memory at [mem 0x5dbf0200-0x5dbf023f]
Oct 14 16:57:21 server1 kernel: [    0.001489] ACPI: Reserving FACS table memory at [mem 0x5dbf0200-0x5dbf023f]
Oct 14 16:57:21 server1 kernel: [    0.001489] ACPI: Reserving APIC table memory at [mem 0x5dbf0240-0x5dbf0293]
Oct 14 16:57:21 server1 kernel: [    0.001490] ACPI: Reserving SSDT table memory at [mem 0x5dbf02a0-0x5dbf060b]
Oct 14 16:57:21 server1 kernel: [    0.001777] No NUMA configuration found
Oct 14 16:57:21 server1 kernel: [    0.001778] Faking a node at [mem 0x0000000000000000-0x000000005dbeffff]
Oct 14 16:57:21 server1 kernel: [    0.001784] NODE_DATA(0) allocated [mem 0x5dbc5000-0x5dbeffff]
Oct 14 16:57:21 server1 kernel: [    0.002125] Zone ranges:
Oct 14 16:57:21 server1 kernel: [    0.002125]   DMA      [mem 0x0000000000001000-0x0000000000ffffff]
Oct 14 16:57:21 server1 kernel: [    0.002127]   DMA32    [mem 0x0000000001000000-0x000000005dbeffff]
Oct 14 16:57:21 server1 kernel: [    0.002128]   Normal   empty
Oct 14 16:57:21 server1 kernel: [    0.002129]   Device   empty
Oct 14 16:57:21 server1 kernel: [    0.002129] Movable zone start for each node
Oct 14 16:57:21 server1 kernel: [    0.002131] Early memory node ranges
Oct 14 16:57:21 server1 kernel: [    0.002131]   node   0: [mem 0x0000000000001000-0x000000000009efff]
Oct 14 16:57:21 server1 kernel: [    0.002132]   node   0: [mem 0x0000000000100000-0x000000005dbeffff]
Oct 14 16:57:21 server1 kernel: [    0.002133] Initmem setup node 0 [mem 0x0000000000001000-0x000000005dbeffff]
Oct 14 16:57:21 server1 kernel: [    0.002136] On node 0, zone DMA: 1 pages in unavailable ranges
Oct 14 16:57:21 server1 kernel: [    0.002158] On node 0, zone DMA: 97 pages in unavailable ranges
Oct 14 16:57:21 server1 kernel: [    0.005317] On node 0, zone DMA32: 9232 pages in unavailable ranges
Oct 14 16:57:21 server1 kernel: [    0.005742] ACPI: PM-Timer IO Port: 0x4008
Oct 14 16:57:21 server1 kernel: [    0.005784] IOAPIC[0]: apic_id 1, version 32, address 0xfec00000, GSI 0-23
Oct 14 16:57:21 server1 kernel: [    0.005788] ACPI: INT_SRC_OVR (bus 0 bus_irq 0 global_irq 2 dfl dfl)
Oct 14 16:57:21 server1 kernel: [    0.005790] ACPI: INT_SRC_OVR (bus 0 bus_irq 9 global_irq 9 low level)
Oct 14 16:57:21 server1 kernel: [    0.005794] ACPI: Using ACPI (MADT) for SMP configuration information
Oct 14 16:57:21 server1 kernel: [    0.005798] smpboot: Allowing 1 CPUs, 0 hotplug CPUs
Oct 14 16:57:21 server1 kernel: [    0.005812] PM: hibernation: Registered nosave memory: [mem 0x00000000-0x00000fff]
Oct 14 16:57:21 server1 kernel: [    0.005813] PM: hibernation: Registered nosave memory: [mem 0x0009f000-0x0009ffff]
Oct 14 16:57:21 server1 kernel: [    0.005814] PM: hibernation: Registered nosave memory: [mem 0x000a0000-0x000effff]
Oct 14 16:57:21 server1 kernel: [    0.005815] PM: hibernation: Registered nosave memory: [mem 0x000f0000-0x000fffff]
Oct 14 16:57:21 server1 kernel: [    0.005815] [mem 0x5dc00000-0xfebfffff] available for PCI devices
Oct 14 16:57:21 server1 kernel: [    0.005816] Booting paravirtualized kernel on KVM
Oct 14 16:57:21 server1 kernel: [    0.005818] clocksource: refined-jiffies: mask: 0xffffffff max_cycles: 0xffffffff, max_idle_ns: 7645519600211568 ns
Oct 14 16:57:21 server1 kernel: [    0.005822] setup_percpu: NR_CPUS:8192 nr_cpumask_bits:1 nr_cpu_ids:1 nr_node_ids:1
Oct 14 16:57:21 server1 kernel: [    0.005911] percpu: Embedded 61 pages/cpu s212992 r8192 d28672 u2097152
Oct 14 16:57:21 server1 kernel: [    0.005915] pcpu-alloc: s212992 r8192 d28672 u2097152 alloc=1*2097152
Oct 14 16:57:21 server1 kernel: [    0.005917] pcpu-alloc: [0] 0 
Oct 14 16:57:21 server1 kernel: [    0.005932] kvm-guest: PV spinlocks disabled, single CPU
Oct 14 16:57:21 server1 kernel: [    0.005936] Fallback order for Node 0: 0 
Oct 14 16:57:21 server1 kernel: [    0.005938] Built 1 zonelists, mobility grouping on.  Total pages: 377728
Oct 14 16:57:21 server1 kernel: [    0.005939] Policy zone: DMA32
Oct 14 16:57:21 server1 kernel: [    0.005939] Kernel command line: BOOT_IMAGE=/boot/vmlinuz-5.19.0-35-generic root=UUID=7be17157-ba02-409b-85c8-1d5f6a3145ce ro quiet splash
Oct 14 16:57:21 server1 kernel: [    0.005986] Unknown kernel command line parameters "splash BOOT_IMAGE=/boot/vmlinuz-5.19.0-35-generic", will be passed to user space.
Oct 14 16:57:21 server1 kernel: [    0.006047] Dentry cache hash table entries: 262144 (order: 9, 2097152 bytes, linear)
Oct 14 16:57:21 server1 kernel: [    0.006080] Inode-cache hash table entries: 131072 (order: 8, 1048576 bytes, linear)
Oct 14 16:57:21 server1 kernel: [    0.006107] mem auto-init: stack:off, heap alloc:on, heap free:off
Oct 14 16:57:21 server1 kernel: [    0.010084] Memory: 1389984K/1535544K available (18440K kernel code, 4050K rwdata, 11288K rodata, 3168K init, 4908K bss, 145300K reserved, 0K cma-reserved)
Oct 14 16:57:21 server1 kernel: [    0.010291] SLUB: HWalign=64, Order=0-3, MinObjects=0, CPUs=1, Nodes=1
Oct 14 16:57:21 server1 kernel: [    0.010302] ftrace: allocating 52174 entries in 204 pages
Oct 14 16:57:21 server1 kernel: [    0.017701] ftrace: allocated 204 pages with 4 groups
Oct 14 16:57:21 server1 kernel: [    0.018389] Dynamic Preempt: voluntary
Oct 14 16:57:21 server1 kernel: [    0.018414] rcu: Preemptible hierarchical RCU implementation.
Oct 14 16:57:21 server1 kernel: [    0.018414] rcu: 	RCU restricting CPUs from NR_CPUS=8192 to nr_cpu_ids=1.
Oct 14 16:57:21 server1 kernel: [    0.018415] 	Trampoline variant of Tasks RCU enabled.
Oct 14 16:57:21 server1 kernel: [    0.018416] 	Rude variant of Tasks RCU enabled.
Oct 14 16:57:21 server1 kernel: [    0.018416] 	Tracing variant of Tasks RCU enabled.
Oct 14 16:57:21 server1 kernel: [    0.018416] rcu: RCU calculated value of scheduler-enlistment delay is 25 jiffies.
Oct 14 16:57:21 server1 kernel: [    0.018417] rcu: Adjusting geometry for rcu_fanout_leaf=16, nr_cpu_ids=1
Oct 14 16:57:21 server1 kernel: [    0.022807] NR_IRQS: 524544, nr_irqs: 256, preallocated irqs: 16
Oct 14 16:57:21 server1 kernel: [    0.023007] rcu: srcu_init: Setting srcu_struct sizes based on contention.
Oct 14 16:57:21 server1 kernel: [    0.023094] random: crng init done
Oct 14 16:57:21 server1 kernel: [    0.031199] Console: colour VGA+ 80x25
Oct 14 16:57:21 server1 kernel: [    0.031213] printk: console [tty0] enabled
Oct 14 16:57:21 server1 kernel: [    0.031236] ACPI: Core revision 20220331
Oct 14 16:57:21 server1 kernel: [    0.031338] APIC: Switch to symmetric I/O mode setup
Oct 14 16:57:21 server1 kernel: [    0.031612] x2apic enabled
Oct 14 16:57:21 server1 kernel: [    0.031841] Switched APIC routing to physical x2apic.
Oct 14 16:57:21 server1 kernel: [    0.033686] ..TIMER: vector=0x30 apic1=0 pin1=2 apic2=-1 pin2=-1
Oct 14 16:57:21 server1 kernel: [    0.033710] clocksource: tsc-early: mask: 0xffffffffffffffff max_cycles: 0x23fa7af7c80, max_idle_ns: 440795241955 ns
Oct 14 16:57:21 server1 kernel: [    0.033719] Calibrating delay loop (skipped) preset value.. 4992.00 BogoMIPS (lpj=9984016)
Oct 14 16:57:21 server1 kernel: [    0.033721] pid_max: default: 32768 minimum: 301
Oct 14 16:57:21 server1 kernel: [    0.033746] LSM: Security Framework initializing
Oct 14 16:57:21 server1 kernel: [    0.033754] landlock: Up and running.
Oct 14 16:57:21 server1 kernel: [    0.033755] Yama: becoming mindful.
Oct 14 16:57:21 server1 kernel: [    0.033802] AppArmor: AppArmor initialized
Oct 14 16:57:21 server1 kernel: [    0.033827] Mount-cache hash table entries: 4096 (order: 3, 32768 bytes, linear)
Oct 14 16:57:21 server1 kernel: [    0.033832] Mountpoint-cache hash table entries: 4096 (order: 3, 32768 bytes, linear)
Oct 14 16:57:21 server1 kernel: [    0.034088] process: using mwait in idle threads
Oct 14 16:57:21 server1 kernel: [    0.034092] Last level iTLB entries: 4KB 64, 2MB 8, 4MB 8
Oct 14 16:57:21 server1 kernel: [    0.034093] Last level dTLB entries: 4KB 64, 2MB 0, 4MB 0, 1GB 4
Oct 14 16:57:21 server1 kernel: [    0.034097] Spectre V1 : Mitigation: usercopy/swapgs barriers and __user pointer sanitization
Oct 14 16:57:21 server1 kernel: [    0.034099] Spectre V2 : Mitigation: Retpolines
Oct 14 16:57:21 server1 kernel: [    0.034099] Spectre V2 : Spectre v2 / SpectreRSB mitigation: Filling RSB on context switch
Oct 14 16:57:21 server1 kernel: [    0.034100] Spectre V2 : Spectre v2 / SpectreRSB : Filling RSB on VMEXIT
Oct 14 16:57:21 server1 kernel: [    0.034100] RETBleed: WARNING: Spectre v2 mitigation leaves CPU vulnerable to RETBleed attacks, data leaks possible!
Oct 14 16:57:21 server1 kernel: [    0.034347] RETBleed: Vulnerable
Oct 14 16:57:21 server1 kernel: [    0.034348] Speculative Store Bypass: Vulnerable
Oct 14 16:57:21 server1 kernel: [    0.034353] MMIO Stale Data: Vulnerable: Clear CPU buffers attempted, no microcode
Oct 14 16:57:21 server1 kernel: [    0.034355] SRBDS: Unknown: Dependent on hypervisor status
Oct 14 16:57:21 server1 kernel: [    0.055479] Freeing SMP alternatives memory: 44K
Oct 14 16:57:21 server1 kernel: [    0.164078] smpboot: CPU0: Intel(R) Core(TM) i5-10300H CPU @ 2.50GHz (family: 0x6, model: 0xa5, stepping: 0x2)
Oct 14 16:57:21 server1 kernel: [    0.164193] cblist_init_generic: Setting adjustable number of callback queues.
Oct 14 16:57:21 server1 kernel: [    0.164194] cblist_init_generic: Setting shift to 0 and lim to 1.
Oct 14 16:57:21 server1 kernel: [    0.164207] cblist_init_generic: Setting shift to 0 and lim to 1.
Oct 14 16:57:21 server1 kernel: [    0.164215] cblist_init_generic: Setting shift to 0 and lim to 1.
Oct 14 16:57:21 server1 kernel: [    0.164223] Performance Events: unsupported p6 CPU model 165 no PMU driver, software events only.
Oct 14 16:57:21 server1 kernel: [    0.164250] rcu: Hierarchical SRCU implementation.
Oct 14 16:57:21 server1 kernel: [    0.164251] rcu: 	Max phase no-delay instances is 1000.
Oct 14 16:57:21 server1 kernel: [    0.164588] NMI watchdog: Perf NMI watchdog permanently disabled
Oct 14 16:57:21 server1 kernel: [    0.164616] smp: Bringing up secondary CPUs ...
Oct 14 16:57:21 server1 kernel: [    0.164617] smp: Brought up 1 node, 1 CPU
Oct 14 16:57:21 server1 kernel: [    0.164618] smpboot: Max logical packages: 1
Oct 14 16:57:21 server1 kernel: [    0.164619] smpboot: Total of 1 processors activated (4992.00 BogoMIPS)
Oct 14 16:57:21 server1 kernel: [    0.164735] devtmpfs: initialized
Oct 14 16:57:21 server1 kernel: [    0.164767] x86/mm: Memory block size: 128MB
Oct 14 16:57:21 server1 kernel: [    0.164972] clocksource: jiffies: mask: 0xffffffff max_cycles: 0xffffffff, max_idle_ns: 7645041785100000 ns
Oct 14 16:57:21 server1 kernel: [    0.164976] futex hash table entries: 256 (order: 2, 16384 bytes, linear)
Oct 14 16:57:21 server1 kernel: [    0.165007] pinctrl core: initialized pinctrl subsystem
Oct 14 16:57:21 server1 kernel: [    0.165081] PM: RTC time: 08:56:59, date: 2023-10-14
Oct 14 16:57:21 server1 kernel: [    0.165303] NET: Registered PF_NETLINK/PF_ROUTE protocol family
Oct 14 16:57:21 server1 kernel: [    0.165367] DMA: preallocated 256 KiB GFP_KERNEL pool for atomic allocations
Oct 14 16:57:21 server1 kernel: [    0.165381] DMA: preallocated 256 KiB GFP_KERNEL|GFP_DMA pool for atomic allocations
Oct 14 16:57:21 server1 kernel: [    0.165389] DMA: preallocated 256 KiB GFP_KERNEL|GFP_DMA32 pool for atomic allocations
Oct 14 16:57:21 server1 kernel: [    0.165394] audit: initializing netlink subsys (disabled)
Oct 14 16:57:21 server1 kernel: [    0.165499] thermal_sys: Registered thermal governor 'fair_share'
Oct 14 16:57:21 server1 kernel: [    0.165500] thermal_sys: Registered thermal governor 'bang_bang'
Oct 14 16:57:21 server1 kernel: [    0.165501] thermal_sys: Registered thermal governor 'step_wise'
Oct 14 16:57:21 server1 kernel: [    0.165501] thermal_sys: Registered thermal governor 'user_space'
Oct 14 16:57:21 server1 kernel: [    0.165502] thermal_sys: Registered thermal governor 'power_allocator'
Oct 14 16:57:21 server1 kernel: [    0.165505] EISA bus registered
Oct 14 16:57:21 server1 kernel: [    0.165507] cpuidle: using governor ladder
Oct 14 16:57:21 server1 kernel: [    0.165507] cpuidle: using governor menu
Oct 14 16:57:21 server1 kernel: [    0.165535] acpiphp: ACPI Hot Plug PCI Controller Driver version: 0.5
Oct 14 16:57:21 server1 kernel: [    0.165609] PCI: Using configuration type 1 for base access
Oct 14 16:57:21 server1 kernel: [    0.165715] kprobes: kprobe jump-optimization is enabled. All kprobes are optimized if possible.
Oct 14 16:57:21 server1 kernel: [    0.165715] audit: type=2000 audit(1697273825.995:1): state=initialized audit_enabled=0 res=1
Oct 14 16:57:21 server1 kernel: [    0.188574] HugeTLB: can optimize 7 vmemmap pages for hugepages-2048kB
Oct 14 16:57:21 server1 kernel: [    0.188578] HugeTLB registered 2.00 MiB page size, pre-allocated 0 pages
Oct 14 16:57:21 server1 kernel: [    0.188768] ACPI: Added _OSI(Module Device)
Oct 14 16:57:21 server1 kernel: [    0.188769] ACPI: Added _OSI(Processor Device)
Oct 14 16:57:21 server1 kernel: [    0.188770] ACPI: Added _OSI(3.0 _SCP Extensions)
Oct 14 16:57:21 server1 kernel: [    0.188771] ACPI: Added _OSI(Processor Aggregator Device)
Oct 14 16:57:21 server1 kernel: [    0.188772] ACPI: Added _OSI(Linux-Dell-Video)
Oct 14 16:57:21 server1 kernel: [    0.188772] ACPI: Added _OSI(Linux-Lenovo-NV-HDMI-Audio)
Oct 14 16:57:21 server1 kernel: [    0.188773] ACPI: Added _OSI(Linux-HPI-Hybrid-Graphics)
Oct 14 16:57:21 server1 kernel: [    0.190596] ACPI: 2 ACPI AML tables successfully acquired and loaded
Oct 14 16:57:21 server1 kernel: [    0.191804] ACPI: Interpreter enabled
Oct 14 16:57:21 server1 kernel: [    0.191812] ACPI: PM: (supports S0 S5)
Oct 14 16:57:21 server1 kernel: [    0.191813] ACPI: Using IOAPIC for interrupt routing
Oct 14 16:57:21 server1 kernel: [    0.191986] PCI: Using host bridge windows from ACPI; if necessary, use "pci=nocrs" and report a bug
Oct 14 16:57:21 server1 kernel: [    0.191988] PCI: Using E820 reservations for host bridge windows
Oct 14 16:57:21 server1 kernel: [    0.192072] ACPI: Enabled 2 GPEs in block 00 to 07
Oct 14 16:57:21 server1 kernel: [    0.196889] ACPI: PCI Root Bridge [PCI0] (domain 0000 [bus 00-ff])
Oct 14 16:57:21 server1 kernel: [    0.196895] acpi PNP0A03:00: _OSC: OS supports [ASPM ClockPM Segments MSI EDR HPX-Type3]
Oct 14 16:57:21 server1 kernel: [    0.196896] acpi PNP0A03:00: _OSC: not requesting OS control; OS requires [ExtendedConfig ASPM ClockPM MSI]
Oct 14 16:57:21 server1 kernel: [    0.197261] acpi PNP0A03:00: fail to add MMCONFIG information, can't access extended PCI configuration space under this bridge.
Oct 14 16:57:21 server1 kernel: [    0.197560] PCI host bridge to bus 0000:00
Oct 14 16:57:21 server1 kernel: [    0.197562] pci_bus 0000:00: root bus resource [io  0x0000-0x0cf7 window]
Oct 14 16:57:21 server1 kernel: [    0.197564] pci_bus 0000:00: root bus resource [io  0x0d00-0xffff window]
Oct 14 16:57:21 server1 kernel: [    0.197565] pci_bus 0000:00: root bus resource [mem 0x000a0000-0x000bffff window]
Oct 14 16:57:21 server1 kernel: [    0.197566] pci_bus 0000:00: root bus resource [mem 0x5dc00000-0xfdffffff window]
Oct 14 16:57:21 server1 kernel: [    0.197567] pci_bus 0000:00: root bus resource [bus 00-ff]
Oct 14 16:57:21 server1 kernel: [    0.197758] pci 0000:00:00.0: [8086:1237] type 00 class 0x060000
Oct 14 16:57:21 server1 kernel: [    0.198109] pci 0000:00:01.0: [8086:7000] type 00 class 0x060100
Oct 14 16:57:21 server1 kernel: [    0.198586] pci 0000:00:01.1: [8086:7111] type 00 class 0x01018a
Oct 14 16:57:21 server1 kernel: [    0.198847] pci 0000:00:01.1: reg 0x20: [io  0xd000-0xd00f]
Oct 14 16:57:21 server1 kernel: [    0.198958] pci 0000:00:01.1: legacy IDE quirk: reg 0x10: [io  0x01f0-0x01f7]
Oct 14 16:57:21 server1 kernel: [    0.198960] pci 0000:00:01.1: legacy IDE quirk: reg 0x14: [io  0x03f6]
Oct 14 16:57:21 server1 kernel: [    0.198961] pci 0000:00:01.1: legacy IDE quirk: reg 0x18: [io  0x0170-0x0177]
Oct 14 16:57:21 server1 kernel: [    0.198962] pci 0000:00:01.1: legacy IDE quirk: reg 0x1c: [io  0x0376]
Oct 14 16:57:21 server1 kernel: [    0.199082] pci 0000:00:02.0: [15ad:0405] type 00 class 0x030000
Oct 14 16:57:21 server1 kernel: [    0.200178] pci 0000:00:02.0: reg 0x10: [io  0xd010-0xd01f]
Oct 14 16:57:21 server1 kernel: [    0.201010] pci 0000:00:02.0: reg 0x14: [mem 0xe0000000-0xe0ffffff pref]
Oct 14 16:57:21 server1 kernel: [    0.201630] pci 0000:00:02.0: reg 0x18: [mem 0xf0000000-0xf01fffff]
Oct 14 16:57:21 server1 kernel: [    0.203387] pci 0000:00:02.0: Video device with shadowed ROM at [mem 0x000c0000-0x000dffff]
Oct 14 16:57:21 server1 kernel: [    0.203661] pci 0000:00:03.0: [8086:100e] type 00 class 0x020000
Oct 14 16:57:21 server1 kernel: [    0.204130] pci 0000:00:03.0: reg 0x10: [mem 0xf0200000-0xf021ffff]
Oct 14 16:57:21 server1 kernel: [    0.204882] pci 0000:00:03.0: reg 0x18: [io  0xd020-0xd027]
Oct 14 16:57:21 server1 kernel: [    0.206502] pci 0000:00:04.0: [80ee:cafe] type 00 class 0x088000
Oct 14 16:57:21 server1 kernel: [    0.206880] pci 0000:00:04.0: reg 0x10: [io  0xd040-0xd05f]
Oct 14 16:57:21 server1 kernel: [    0.207226] pci 0000:00:04.0: reg 0x14: [mem 0xf0400000-0xf07fffff]
Oct 14 16:57:21 server1 kernel: [    0.207562] pci 0000:00:04.0: reg 0x18: [mem 0xf0800000-0xf0803fff pref]
Oct 14 16:57:21 server1 kernel: [    0.208920] pci 0000:00:05.0: [8086:2415] type 00 class 0x040100
Oct 14 16:57:21 server1 kernel: [    0.209021] pci 0000:00:05.0: reg 0x10: [io  0xd100-0xd1ff]
Oct 14 16:57:21 server1 kernel: [    0.209070] pci 0000:00:05.0: reg 0x14: [io  0xd200-0xd23f]
Oct 14 16:57:21 server1 kernel: [    0.209441] pci 0000:00:06.0: [106b:003f] type 00 class 0x0c0310
Oct 14 16:57:21 server1 kernel: [    0.209809] pci 0000:00:06.0: reg 0x10: [mem 0xf0804000-0xf0804fff]
Oct 14 16:57:21 server1 kernel: [    0.212349] pci 0000:00:07.0: [8086:7113] type 00 class 0x068000
Oct 14 16:57:21 server1 kernel: [    0.212736] pci 0000:00:07.0: quirk: [io  0x4000-0x403f] claimed by PIIX4 ACPI
Oct 14 16:57:21 server1 kernel: [    0.212745] pci 0000:00:07.0: quirk: [io  0x4100-0x410f] claimed by PIIX4 SMB
Oct 14 16:57:21 server1 kernel: [    0.212942] pci 0000:00:08.0: [8086:100e] type 00 class 0x020000
Oct 14 16:57:21 server1 kernel: [    0.213314] pci 0000:00:08.0: reg 0x10: [mem 0xf0820000-0xf083ffff]
Oct 14 16:57:21 server1 kernel: [    0.214070] pci 0000:00:08.0: reg 0x18: [io  0xd240-0xd247]
Oct 14 16:57:21 server1 kernel: [    0.216096] pci 0000:00:0b.0: [8086:265c] type 00 class 0x0c0320
Oct 14 16:57:21 server1 kernel: [    0.216480] pci 0000:00:0b.0: reg 0x10: [mem 0xf0840000-0xf0840fff]
Oct 14 16:57:21 server1 kernel: [    0.218901] pci 0000:00:0d.0: [8086:2829] type 00 class 0x010601
Oct 14 16:57:21 server1 kernel: [    0.219294] pci 0000:00:0d.0: reg 0x10: [io  0xd248-0xd24f]
Oct 14 16:57:21 server1 kernel: [    0.219695] pci 0000:00:0d.0: reg 0x14: [io  0xd250-0xd253]
Oct 14 16:57:21 server1 kernel: [    0.220051] pci 0000:00:0d.0: reg 0x18: [io  0xd258-0xd25f]
Oct 14 16:57:21 server1 kernel: [    0.220397] pci 0000:00:0d.0: reg 0x1c: [io  0xd260-0xd263]
Oct 14 16:57:21 server1 kernel: [    0.220737] pci 0000:00:0d.0: reg 0x20: [io  0xd270-0xd27f]
Oct 14 16:57:21 server1 kernel: [    0.221066] pci 0000:00:0d.0: reg 0x24: [mem 0xf0842000-0xf0843fff]
Oct 14 16:57:21 server1 kernel: [    0.226583] ACPI: PCI: Interrupt link LNKA configured for IRQ 11
Oct 14 16:57:21 server1 kernel: [    0.226830] ACPI: PCI: Interrupt link LNKB configured for IRQ 10
Oct 14 16:57:21 server1 kernel: [    0.226915] ACPI: PCI: Interrupt link LNKC configured for IRQ 9
Oct 14 16:57:21 server1 kernel: [    0.227004] ACPI: PCI: Interrupt link LNKD configured for IRQ 11
Oct 14 16:57:21 server1 kernel: [    0.227227] iommu: Default domain type: Translated 
Oct 14 16:57:21 server1 kernel: [    0.227228] iommu: DMA domain TLB invalidation policy: lazy mode 
Oct 14 16:57:21 server1 kernel: [    0.227381] SCSI subsystem initialized
Oct 14 16:57:21 server1 kernel: [    0.227408] libata version 3.00 loaded.
Oct 14 16:57:21 server1 kernel: [    0.227437] ACPI: bus type USB registered
Oct 14 16:57:21 server1 kernel: [    0.227463] usbcore: registered new interface driver usbfs
Oct 14 16:57:21 server1 kernel: [    0.227467] usbcore: registered new interface driver hub
Oct 14 16:57:21 server1 kernel: [    0.227471] usbcore: registered new device driver usb
Oct 14 16:57:21 server1 kernel: [    0.227486] pps_core: LinuxPPS API ver. 1 registered
Oct 14 16:57:21 server1 kernel: [    0.227487] pps_core: Software ver. 5.3.6 - Copyright 2005-2007 Rodolfo Giometti <giometti@linux.it>
Oct 14 16:57:21 server1 kernel: [    0.227488] PTP clock support registered
Oct 14 16:57:21 server1 kernel: [    0.227531] EDAC MC: Ver: 3.0.0
Oct 14 16:57:21 server1 kernel: [    0.227912] NetLabel: Initializing
Oct 14 16:57:21 server1 kernel: [    0.227913] NetLabel:  domain hash size = 128
Oct 14 16:57:21 server1 kernel: [    0.227914] NetLabel:  protocols = UNLABELED CIPSOv4 CALIPSO
Oct 14 16:57:21 server1 kernel: [    0.227932] NetLabel:  unlabeled traffic allowed by default
Oct 14 16:57:21 server1 kernel: [    0.227971] mctp: management component transport protocol core
Oct 14 16:57:21 server1 kernel: [    0.227972] NET: Registered PF_MCTP protocol family
Oct 14 16:57:21 server1 kernel: [    0.227979] PCI: Using ACPI for IRQ routing
Oct 14 16:57:21 server1 kernel: [    0.227980] PCI: pci_cache_line_size set to 64 bytes
Oct 14 16:57:21 server1 kernel: [    0.228142] e820: reserve RAM buffer [mem 0x0009fc00-0x0009ffff]
Oct 14 16:57:21 server1 kernel: [    0.228146] e820: reserve RAM buffer [mem 0x5dbf0000-0x5fffffff]
Oct 14 16:57:21 server1 kernel: [    0.228175] pci 0000:00:02.0: vgaarb: setting as boot VGA device
Oct 14 16:57:21 server1 kernel: [    0.228177] pci 0000:00:02.0: vgaarb: bridge control possible
Oct 14 16:57:21 server1 kernel: [    0.228178] pci 0000:00:02.0: vgaarb: VGA device added: decodes=io+mem,owns=io+mem,locks=none
Oct 14 16:57:21 server1 kernel: [    0.228180] vgaarb: loaded
Oct 14 16:57:21 server1 kernel: [    0.229133] clocksource: Switched to clocksource kvm-clock
Oct 14 16:57:21 server1 kernel: [    0.229227] VFS: Disk quotas dquot_6.6.0
Oct 14 16:57:21 server1 kernel: [    0.229236] VFS: Dquot-cache hash table entries: 512 (order 0, 4096 bytes)
Oct 14 16:57:21 server1 kernel: [    0.229330] AppArmor: AppArmor Filesystem Enabled
Oct 14 16:57:21 server1 kernel: [    0.229343] pnp: PnP ACPI init
Oct 14 16:57:21 server1 kernel: [    0.234168] pnp: PnP ACPI: found 2 devices
Oct 14 16:57:21 server1 kernel: [    0.239453] clocksource: acpi_pm: mask: 0xffffff max_cycles: 0xffffff, max_idle_ns: 2085701024 ns
Oct 14 16:57:21 server1 kernel: [    0.239532] NET: Registered PF_INET protocol family
Oct 14 16:57:21 server1 kernel: [    0.239598] IP idents hash table entries: 32768 (order: 6, 262144 bytes, linear)
Oct 14 16:57:21 server1 kernel: [    0.240555] tcp_listen_portaddr_hash hash table entries: 1024 (order: 2, 16384 bytes, linear)
Oct 14 16:57:21 server1 kernel: [    0.240581] Table-perturb hash table entries: 65536 (order: 6, 262144 bytes, linear)
Oct 14 16:57:21 server1 kernel: [    0.240595] TCP established hash table entries: 16384 (order: 5, 131072 bytes, linear)
Oct 14 16:57:21 server1 kernel: [    0.240629] TCP bind hash table entries: 16384 (order: 6, 262144 bytes, linear)
Oct 14 16:57:21 server1 kernel: [    0.240646] TCP: Hash tables configured (established 16384 bind 16384)
Oct 14 16:57:21 server1 kernel: [    0.240706] MPTCP token hash table entries: 2048 (order: 3, 49152 bytes, linear)
Oct 14 16:57:21 server1 kernel: [    0.240726] UDP hash table entries: 1024 (order: 3, 32768 bytes, linear)
Oct 14 16:57:21 server1 kernel: [    0.240732] UDP-Lite hash table entries: 1024 (order: 3, 32768 bytes, linear)
Oct 14 16:57:21 server1 kernel: [    0.240762] NET: Registered PF_UNIX/PF_LOCAL protocol family
Oct 14 16:57:21 server1 kernel: [    0.240769] NET: Registered PF_XDP protocol family
Oct 14 16:57:21 server1 kernel: [    0.240789] pci_bus 0000:00: resource 4 [io  0x0000-0x0cf7 window]
Oct 14 16:57:21 server1 kernel: [    0.240793] pci_bus 0000:00: resource 5 [io  0x0d00-0xffff window]
Oct 14 16:57:21 server1 kernel: [    0.240795] pci_bus 0000:00: resource 6 [mem 0x000a0000-0x000bffff window]
Oct 14 16:57:21 server1 kernel: [    0.240796] pci_bus 0000:00: resource 7 [mem 0x5dc00000-0xfdffffff window]
Oct 14 16:57:21 server1 kernel: [    0.240877] pci 0000:00:00.0: Limiting direct PCI/PCI transfers
Oct 14 16:57:21 server1 kernel: [    0.240890] pci 0000:00:01.0: Activating ISA DMA hang workarounds
Oct 14 16:57:21 server1 kernel: [    0.242947] PCI: CLS 0 bytes, default 64
Oct 14 16:57:21 server1 kernel: [    0.243025] Trying to unpack rootfs image as initramfs...
Oct 14 16:57:21 server1 kernel: [    0.246008] clocksource: tsc: mask: 0xffffffffffffffff max_cycles: 0x23fa7af7c80, max_idle_ns: 440795241955 ns
Oct 14 16:57:21 server1 kernel: [    0.251339] clocksource: Switched to clocksource tsc
Oct 14 16:57:21 server1 kernel: [    0.251370] platform rtc_cmos: registered platform RTC device (no PNP device found)
Oct 14 16:57:21 server1 kernel: [    0.251561] Initialise system trusted keyrings
Oct 14 16:57:21 server1 kernel: [    0.251566] Key type blacklist registered
Oct 14 16:57:21 server1 kernel: [    0.251601] workingset: timestamp_bits=36 max_order=19 bucket_order=0
Oct 14 16:57:21 server1 kernel: [    0.252378] zbud: loaded
Oct 14 16:57:21 server1 kernel: [    0.252572] squashfs: version 4.0 (2009/01/31) Phillip Lougher
Oct 14 16:57:21 server1 kernel: [    0.252659] fuse: init (API version 7.36)
Oct 14 16:57:21 server1 kernel: [    0.252747] integrity: Platform Keyring initialized
Oct 14 16:57:21 server1 kernel: [    0.252749] integrity: Machine keyring initialized
Oct 14 16:57:21 server1 kernel: [    0.273774] Key type asymmetric registered
Oct 14 16:57:21 server1 kernel: [    0.273782] Asymmetric key parser 'x509' registered
Oct 14 16:57:21 server1 kernel: [    0.794232] Freeing initrd memory: 71428K
Oct 14 16:57:21 server1 kernel: [    0.794232] alg: self-tests for CTR-KDF (hmac(sha256)) passed
Oct 14 16:57:21 server1 kernel: [    0.794232] Block layer SCSI generic (bsg) driver version 0.4 loaded (major 243)
Oct 14 16:57:21 server1 kernel: [    0.794232] io scheduler mq-deadline registered
Oct 14 16:57:21 server1 kernel: [    0.794232] shpchp: Standard Hot Plug PCI Controller Driver version: 0.4
Oct 14 16:57:21 server1 kernel: [    0.801057] ACPI: AC: AC Adapter [AC] (on-line)
Oct 14 16:57:21 server1 kernel: [    0.801095] input: Power Button as /devices/LNXSYSTM:00/LNXPWRBN:00/input/input0
Oct 14 16:57:21 server1 kernel: [    0.801116] ACPI: button: Power Button [PWRF]
Oct 14 16:57:21 server1 kernel: [    0.801187] input: Sleep Button as /devices/LNXSYSTM:00/LNXSLPBN:00/input/input1
Oct 14 16:57:21 server1 kernel: [    0.801198] ACPI: button: Sleep Button [SLPF]
Oct 14 16:57:21 server1 kernel: [    0.801892] ACPI: battery: Slot [BAT0] (battery present)
Oct 14 16:57:21 server1 kernel: [    0.801999] Serial: 8250/16550 driver, 32 ports, IRQ sharing enabled
Oct 14 16:57:21 server1 kernel: [    0.802855] Linux agpgart interface v0.103
Oct 14 16:57:21 server1 kernel: [    0.806147] loop: module loaded
Oct 14 16:57:21 server1 kernel: [    0.806227] ata_piix 0000:00:01.1: version 2.13
Oct 14 16:57:21 server1 kernel: [    0.806491] scsi host0: ata_piix
Oct 14 16:57:21 server1 kernel: [    0.806551] scsi host1: ata_piix
Oct 14 16:57:21 server1 kernel: [    0.806568] ata1: PATA max UDMA/33 cmd 0x1f0 ctl 0x3f6 bmdma 0xd000 irq 14
Oct 14 16:57:21 server1 kernel: [    0.806569] ata2: PATA max UDMA/33 cmd 0x170 ctl 0x376 bmdma 0xd008 irq 15
Oct 14 16:57:21 server1 kernel: [    0.806653] tun: Universal TUN/TAP device driver, 1.6
Oct 14 16:57:21 server1 kernel: [    0.806827] PPP generic driver version 2.4.2
Oct 14 16:57:21 server1 kernel: [    0.806863] VFIO - User Level meta-driver version: 0.3
Oct 14 16:57:21 server1 kernel: [    0.807103] ehci_hcd: USB 2.0 'Enhanced' Host Controller (EHCI) Driver
Oct 14 16:57:21 server1 kernel: [    0.807107] ehci-pci: EHCI PCI platform driver
Oct 14 16:57:21 server1 kernel: [    0.807559] ehci-pci 0000:00:0b.0: EHCI Host Controller
Oct 14 16:57:21 server1 kernel: [    0.807564] ehci-pci 0000:00:0b.0: new USB bus registered, assigned bus number 1
Oct 14 16:57:21 server1 kernel: [    0.807729] ehci-pci 0000:00:0b.0: irq 19, io mem 0xf0840000
Oct 14 16:57:21 server1 kernel: [    0.822436] ehci-pci 0000:00:0b.0: USB 2.0 started, EHCI 1.00
Oct 14 16:57:21 server1 kernel: [    0.822495] usb usb1: New USB device found, idVendor=1d6b, idProduct=0002, bcdDevice= 5.19
Oct 14 16:57:21 server1 kernel: [    0.822498] usb usb1: New USB device strings: Mfr=3, Product=2, SerialNumber=1
Oct 14 16:57:21 server1 kernel: [    0.822499] usb usb1: Product: EHCI Host Controller
Oct 14 16:57:21 server1 kernel: [    0.822500] usb usb1: Manufacturer: Linux 5.19.0-35-generic ehci_hcd
Oct 14 16:57:21 server1 kernel: [    0.822501] usb usb1: SerialNumber: 0000:00:0b.0
Oct 14 16:57:21 server1 kernel: [    0.822615] hub 1-0:1.0: USB hub found
Oct 14 16:57:21 server1 kernel: [    0.822620] hub 1-0:1.0: 12 ports detected
Oct 14 16:57:21 server1 kernel: [    0.822776] ehci-platform: EHCI generic platform driver
Oct 14 16:57:21 server1 kernel: [    0.822801] ohci_hcd: USB 1.1 'Open' Host Controller (OHCI) Driver
Oct 14 16:57:21 server1 kernel: [    0.822803] ohci-pci: OHCI PCI platform driver
Oct 14 16:57:21 server1 kernel: [    0.823279] ohci-pci 0000:00:06.0: OHCI PCI host controller
Oct 14 16:57:21 server1 kernel: [    0.823284] ohci-pci 0000:00:06.0: new USB bus registered, assigned bus number 2
Oct 14 16:57:21 server1 kernel: [    0.823333] ohci-pci 0000:00:06.0: irq 22, io mem 0xf0804000
Oct 14 16:57:21 server1 kernel: [    0.882562] usb usb2: New USB device found, idVendor=1d6b, idProduct=0001, bcdDevice= 5.19
Oct 14 16:57:21 server1 kernel: [    0.882566] usb usb2: New USB device strings: Mfr=3, Product=2, SerialNumber=1
Oct 14 16:57:21 server1 kernel: [    0.882567] usb usb2: Product: OHCI PCI host controller
Oct 14 16:57:21 server1 kernel: [    0.882568] usb usb2: Manufacturer: Linux 5.19.0-35-generic ohci_hcd
Oct 14 16:57:21 server1 kernel: [    0.882569] usb usb2: SerialNumber: 0000:00:06.0
Oct 14 16:57:21 server1 kernel: [    0.882645] hub 2-0:1.0: USB hub found
Oct 14 16:57:21 server1 kernel: [    0.882655] hub 2-0:1.0: 12 ports detected
Oct 14 16:57:21 server1 kernel: [    0.882906] ohci-platform: OHCI generic platform driver
Oct 14 16:57:21 server1 kernel: [    0.882916] uhci_hcd: USB Universal Host Controller Interface driver
Oct 14 16:57:21 server1 kernel: [    0.882947] i8042: PNP: PS/2 Controller [PNP0303:PS2K,PNP0f03:PS2M] at 0x60,0x64 irq 1,12
Oct 14 16:57:21 server1 kernel: [    0.883309] serio: i8042 KBD port at 0x60,0x64 irq 1
Oct 14 16:57:21 server1 kernel: [    0.883314] serio: i8042 AUX port at 0x60,0x64 irq 12
Oct 14 16:57:21 server1 kernel: [    0.883419] mousedev: PS/2 mouse device common for all mice
Oct 14 16:57:21 server1 kernel: [    0.883600] input: AT Translated Set 2 keyboard as /devices/platform/i8042/serio0/input/input2
Oct 14 16:57:21 server1 kernel: [    0.883957] rtc_cmos rtc_cmos: registered as rtc0
Oct 14 16:57:21 server1 kernel: [    0.883981] rtc_cmos rtc_cmos: setting system clock to 2023-10-14T08:57:00 UTC (1697273820)
Oct 14 16:57:21 server1 kernel: [    0.883993] rtc_cmos rtc_cmos: alarms up to one day, 114 bytes nvram
Oct 14 16:57:21 server1 kernel: [    0.883997] i2c_dev: i2c /dev entries driver
Oct 14 16:57:21 server1 kernel: [    0.884012] device-mapper: core: CONFIG_IMA_DISABLE_HTABLE is disabled. Duplicate IMA measurements will not be recorded in the IMA log.
Oct 14 16:57:21 server1 kernel: [    0.884032] device-mapper: uevent: version 1.0.3
Oct 14 16:57:21 server1 kernel: [    0.884063] device-mapper: ioctl: 4.47.0-ioctl (2022-07-28) initialised: dm-devel@redhat.com
Oct 14 16:57:21 server1 kernel: [    0.884074] platform eisa.0: Probing EISA bus 0
Oct 14 16:57:21 server1 kernel: [    0.884075] platform eisa.0: EISA: Cannot allocate resource for mainboard
Oct 14 16:57:21 server1 kernel: [    0.884076] platform eisa.0: Cannot allocate resource for EISA slot 1
Oct 14 16:57:21 server1 kernel: [    0.884077] platform eisa.0: Cannot allocate resource for EISA slot 2
Oct 14 16:57:21 server1 kernel: [    0.884078] platform eisa.0: Cannot allocate resource for EISA slot 3
Oct 14 16:57:21 server1 kernel: [    0.884078] platform eisa.0: Cannot allocate resource for EISA slot 4
Oct 14 16:57:21 server1 kernel: [    0.884079] platform eisa.0: Cannot allocate resource for EISA slot 5
Oct 14 16:57:21 server1 kernel: [    0.884080] platform eisa.0: Cannot allocate resource for EISA slot 6
Oct 14 16:57:21 server1 kernel: [    0.884081] platform eisa.0: Cannot allocate resource for EISA slot 7
Oct 14 16:57:21 server1 kernel: [    0.884081] platform eisa.0: Cannot allocate resource for EISA slot 8
Oct 14 16:57:21 server1 kernel: [    0.884082] platform eisa.0: EISA: Detected 0 cards
Oct 14 16:57:21 server1 kernel: [    0.884083] intel_pstate: CPU model not supported
Oct 14 16:57:21 server1 kernel: [    0.884089] ledtrig-cpu: registered to indicate activity on CPUs
Oct 14 16:57:21 server1 kernel: [    0.884128] drop_monitor: Initializing network drop monitor service
Oct 14 16:57:21 server1 kernel: [    0.894128] NET: Registered PF_INET6 protocol family
Oct 14 16:57:21 server1 kernel: [    0.894128] Segment Routing with IPv6
Oct 14 16:57:21 server1 kernel: [    0.894128] In-situ OAM (IOAM) with IPv6
Oct 14 16:57:21 server1 kernel: [    0.894128] NET: Registered PF_PACKET protocol family
Oct 14 16:57:21 server1 kernel: [    0.894128] Key type dns_resolver registered
Oct 14 16:57:21 server1 kernel: [    0.894128] IPI shorthand broadcast: enabled
Oct 14 16:57:21 server1 kernel: [    0.894128] sched_clock: Marking stable (879488062, 10640097)->(893674756, -3546597)
Oct 14 16:57:21 server1 kernel: [    0.897683] registered taskstats version 1
Oct 14 16:57:21 server1 kernel: [    0.897700] Loading compiled-in X.509 certificates
Oct 14 16:57:21 server1 kernel: [    0.898124] Loaded X.509 cert 'Build time autogenerated kernel key: 0f8b52ff8b28cb5dd474b5fe37ca4e5d73f537fd'
Oct 14 16:57:21 server1 kernel: [    0.898546] Loaded X.509 cert 'Canonical Ltd. Live Patch Signing: 14df34d1a87cf37625abec039ef2bf521249b969'
Oct 14 16:57:21 server1 kernel: [    0.898900] Loaded X.509 cert 'Canonical Ltd. Kernel Module Signing: 88f752e560a1e0737e31163a466ad7b70a850c19'
Oct 14 16:57:21 server1 kernel: [    0.898901] blacklist: Loading compiled-in revocation X.509 certificates
Oct 14 16:57:21 server1 kernel: [    0.898913] Loaded X.509 cert 'Canonical Ltd. Secure Boot Signing: 61482aa2830d0ab2ad5af10b7250da9033ddcef0'
Oct 14 16:57:21 server1 kernel: [    0.898925] Loaded X.509 cert 'Canonical Ltd. Secure Boot Signing (2017): 242ade75ac4a15e50d50c84b0d45ff3eae707a03'
Oct 14 16:57:21 server1 kernel: [    0.898937] Loaded X.509 cert 'Canonical Ltd. Secure Boot Signing (ESM 2018): 365188c1d374d6b07c3c8f240f8ef722433d6a8b'
Oct 14 16:57:21 server1 kernel: [    0.898948] Loaded X.509 cert 'Canonical Ltd. Secure Boot Signing (2019): c0746fd6c5da3ae827864651ad66ae47fe24b3e8'
Oct 14 16:57:21 server1 kernel: [    0.898960] Loaded X.509 cert 'Canonical Ltd. Secure Boot Signing (2021 v1): a8d54bbb3825cfb94fa13c9f8a594a195c107b8d'
Oct 14 16:57:21 server1 kernel: [    0.898993] Loaded X.509 cert 'Canonical Ltd. Secure Boot Signing (2021 v2): 4cf046892d6fd3c9a5b03f98d845f90851dc6a8c'
Oct 14 16:57:21 server1 kernel: [    0.899004] Loaded X.509 cert 'Canonical Ltd. Secure Boot Signing (2021 v3): 100437bb6de6e469b581e61cd66bce3ef4ed53af'
Oct 14 16:57:21 server1 kernel: [    0.899015] Loaded X.509 cert 'Canonical Ltd. Secure Boot Signing (Ubuntu Core 2019): c1d57b8f6b743f23ee41f4f7ee292f06eecadfb9'
Oct 14 16:57:21 server1 kernel: [    0.899091] zswap: loaded using pool lzo/zbud
Oct 14 16:57:21 server1 kernel: [    0.899139] Key type .fscrypt registered
Oct 14 16:57:21 server1 kernel: [    0.899140] Key type fscrypt-provisioning registered
Oct 14 16:57:21 server1 kernel: [    0.900737] Key type encrypted registered
Oct 14 16:57:21 server1 kernel: [    0.900739] AppArmor: AppArmor sha1 policy hashing enabled
Oct 14 16:57:21 server1 kernel: [    0.900745] ima: No TPM chip found, activating TPM-bypass!
Oct 14 16:57:21 server1 kernel: [    0.900747] Loading compiled-in module X.509 certificates
Oct 14 16:57:21 server1 kernel: [    0.901237] Loaded X.509 cert 'Build time autogenerated kernel key: 0f8b52ff8b28cb5dd474b5fe37ca4e5d73f537fd'
Oct 14 16:57:21 server1 kernel: [    0.901239] ima: Allocated hash algorithm: sha1
Oct 14 16:57:21 server1 kernel: [    0.901244] ima: No architecture policies found
Oct 14 16:57:21 server1 kernel: [    0.901251] evm: Initialising EVM extended attributes:
Oct 14 16:57:21 server1 kernel: [    0.901252] evm: security.selinux
Oct 14 16:57:21 server1 kernel: [    0.901252] evm: security.SMACK64
Oct 14 16:57:21 server1 kernel: [    0.901253] evm: security.SMACK64EXEC
Oct 14 16:57:21 server1 kernel: [    0.901253] evm: security.SMACK64TRANSMUTE
Oct 14 16:57:21 server1 kernel: [    0.901254] evm: security.SMACK64MMAP
Oct 14 16:57:21 server1 kernel: [    0.901254] evm: security.apparmor
Oct 14 16:57:21 server1 kernel: [    0.901255] evm: security.ima
Oct 14 16:57:21 server1 kernel: [    0.901255] evm: security.capability
Oct 14 16:57:21 server1 kernel: [    0.901256] evm: HMAC attrs: 0x1
Oct 14 16:57:21 server1 kernel: [    0.901803] PM:   Magic number: 11:813:927
Oct 14 16:57:21 server1 kernel: [    0.901943] RAS: Correctable Errors collector initialized.
Oct 14 16:57:21 server1 kernel: [    0.977673] ata2.00: ATAPI: VBOX CD-ROM, 1.0, max UDMA/133
Oct 14 16:57:21 server1 kernel: [    0.978364] scsi 1:0:0:0: CD-ROM            VBOX     CD-ROM           1.0  PQ: 0 ANSI: 5
Oct 14 16:57:21 server1 kernel: [    1.003031] sr 1:0:0:0: [sr0] scsi3-mmc drive: 32x/32x xa/form2 tray
Oct 14 16:57:21 server1 kernel: [    1.003035] cdrom: Uniform CD-ROM driver Revision: 3.20
Oct 14 16:57:21 server1 kernel: [    1.026596] sr 1:0:0:0: Attached scsi CD-ROM sr0
Oct 14 16:57:21 server1 kernel: [    1.026712] sr 1:0:0:0: Attached scsi generic sg0 type 5
Oct 14 16:57:21 server1 kernel: [    1.027866] Freeing unused decrypted memory: 2036K
Oct 14 16:57:21 server1 kernel: [    1.028173] Freeing unused kernel image (initmem) memory: 3168K
Oct 14 16:57:21 server1 kernel: [    1.038533] Write protecting the kernel read-only data: 32768k
Oct 14 16:57:21 server1 kernel: [    1.038855] Freeing unused kernel image (text/rodata gap) memory: 2036K
Oct 14 16:57:21 server1 kernel: [    1.038966] Freeing unused kernel image (rodata/data gap) memory: 1000K
Oct 14 16:57:21 server1 kernel: [    1.081456] x86/mm: Checked W+X mappings: passed, no W+X pages found.
Oct 14 16:57:21 server1 kernel: [    1.081588] Run /init as init process
Oct 14 16:57:21 server1 kernel: [    1.081591]   with arguments:
Oct 14 16:57:21 server1 kernel: [    1.081592]     /init
Oct 14 16:57:21 server1 kernel: [    1.081593]     splash
Oct 14 16:57:21 server1 kernel: [    1.081593]   with environment:
Oct 14 16:57:21 server1 kernel: [    1.081594]     HOME=/
Oct 14 16:57:21 server1 kernel: [    1.081594]     TERM=linux
Oct 14 16:57:21 server1 kernel: [    1.081595]     BOOT_IMAGE=/boot/vmlinuz-5.19.0-35-generic
Oct 14 16:57:21 server1 kernel: [    1.169966] ACPI: video: Video Device [GFX0] (multi-head: yes  rom: no  post: no)
Oct 14 16:57:21 server1 kernel: [    1.170046] input: Video Bus as /devices/LNXSYSTM:00/LNXSYBUS:00/PNP0A03:00/LNXVIDEO:00/input/input4
Oct 14 16:57:21 server1 kernel: [    1.186601] e1000: Intel(R) PRO/1000 Network Driver
Oct 14 16:57:21 server1 kernel: [    1.186605] e1000: Copyright (c) 1999-2006 Intel Corporation.
Oct 14 16:57:21 server1 kernel: [    1.191865] piix4_smbus 0000:00:07.0: SMBus Host Controller at 0x4100, revision 0
Oct 14 16:57:21 server1 kernel: [    1.199320] ahci 0000:00:0d.0: version 3.0
Oct 14 16:57:21 server1 kernel: [    1.200150] ahci 0000:00:0d.0: SSS flag set, parallel bus scan disabled
Oct 14 16:57:21 server1 kernel: [    1.200271] ahci 0000:00:0d.0: AHCI 0001.0100 32 slots 1 ports 3 Gbps 0x1 impl SATA mode
Oct 14 16:57:21 server1 kernel: [    1.200274] ahci 0000:00:0d.0: flags: 64bit ncq stag only ccc 
Oct 14 16:57:21 server1 kernel: [    1.213970] scsi host2: ahci
Oct 14 16:57:21 server1 kernel: [    1.214015] ata3: SATA max UDMA/133 abar m8192@0xf0842000 port 0xf0842100 irq 21
Oct 14 16:57:21 server1 kernel: [    1.267863] usb 2-1: new full-speed USB device number 2 using ohci-pci
Oct 14 16:57:21 server1 kernel: [    1.418486] input: ImExPS/2 Generic Explorer Mouse as /devices/platform/i8042/serio1/input/input5
Oct 14 16:57:21 server1 kernel: [    1.533759] ata3: SATA link up 3.0 Gbps (SStatus 123 SControl 300)
Oct 14 16:57:21 server1 kernel: [    1.533883] ata3.00: ATA-6: VBOX HARDDISK, 1.0, max UDMA/133
Oct 14 16:57:21 server1 kernel: [    1.533886] ata3.00: 62914560 sectors, multi 128: LBA48 NCQ (depth 32)
Oct 14 16:57:21 server1 kernel: [    1.534111] ata3.00: configured for UDMA/133
Oct 14 16:57:21 server1 kernel: [    1.534170] scsi 2:0:0:0: Direct-Access     ATA      VBOX HARDDISK    1.0  PQ: 0 ANSI: 5
Oct 14 16:57:21 server1 kernel: [    1.534350] sd 2:0:0:0: [sda] 62914560 512-byte logical blocks: (32.2 GB/30.0 GiB)
Oct 14 16:57:21 server1 kernel: [    1.534356] sd 2:0:0:0: [sda] Write Protect is off
Oct 14 16:57:21 server1 kernel: [    1.534357] sd 2:0:0:0: [sda] Mode Sense: 00 3a 00 00
Oct 14 16:57:21 server1 kernel: [    1.534364] sd 2:0:0:0: [sda] Write cache: enabled, read cache: enabled, doesn't support DPO or FUA
Oct 14 16:57:21 server1 kernel: [    1.534375] sd 2:0:0:0: [sda] Preferred minimum I/O size 512 bytes
Oct 14 16:57:21 server1 kernel: [    1.534492] sd 2:0:0:0: Attached scsi generic sg1 type 0
Oct 14 16:57:21 server1 kernel: [    1.565709] e1000 0000:00:03.0 eth0: (PCI:33MHz:32-bit) 08:00:27:9e:08:ae
Oct 14 16:57:21 server1 kernel: [    1.565715] e1000 0000:00:03.0 eth0: Intel(R) PRO/1000 Network Connection
Oct 14 16:57:21 server1 kernel: [    1.566568]  sda: sda1 sda2 sda3
Oct 14 16:57:21 server1 kernel: [    1.566672] sd 2:0:0:0: [sda] Attached SCSI disk
Oct 14 16:57:21 server1 kernel: [    1.587704] usb 2-1: New USB device found, idVendor=80ee, idProduct=0021, bcdDevice= 1.00
Oct 14 16:57:21 server1 kernel: [    1.587708] usb 2-1: New USB device strings: Mfr=1, Product=3, SerialNumber=0
Oct 14 16:57:21 server1 kernel: [    1.587710] usb 2-1: Product: USB Tablet
Oct 14 16:57:21 server1 kernel: [    1.587711] usb 2-1: Manufacturer: VirtualBox
Oct 14 16:57:21 server1 kernel: [    1.596682] hid: raw HID events driver (C) Jiri Kosina
Oct 14 16:57:21 server1 kernel: [    1.611497] usbcore: registered new interface driver usbhid
Oct 14 16:57:21 server1 kernel: [    1.611500] usbhid: USB HID core driver
Oct 14 16:57:21 server1 kernel: [    1.613128] input: VirtualBox USB Tablet as /devices/pci0000:00/0000:00:06.0/usb2/2-1/2-1:1.0/0003:80EE:0021.0001/input/input6
Oct 14 16:57:21 server1 kernel: [    1.613346] hid-generic 0003:80EE:0021.0001: input,hidraw0: USB HID v1.10 Mouse [VirtualBox USB Tablet] on usb-0000:00:06.0-1/input0
Oct 14 16:57:21 server1 kernel: [    1.929537] e1000 0000:00:08.0 eth1: (PCI:33MHz:32-bit) 08:00:27:82:ea:44
Oct 14 16:57:21 server1 kernel: [    1.929541] e1000 0000:00:08.0 eth1: Intel(R) PRO/1000 Network Connection
Oct 14 16:57:21 server1 kernel: [    1.930464] e1000 0000:00:08.0 enp0s8: renamed from eth1
Oct 14 16:57:21 server1 kernel: [    1.931910] e1000 0000:00:03.0 enp0s3: renamed from eth0
Oct 14 16:57:21 server1 kernel: [    3.481166] EXT4-fs (sda3): mounted filesystem with ordered data mode. Quota mode: none.
Oct 14 16:57:21 server1 kernel: [    7.898455] EXT4-fs (sda3): re-mounted. Quota mode: none.
Oct 14 16:57:21 server1 kernel: [    8.509050] ACPI: bus type drm_connector registered
Oct 14 16:57:21 server1 kernel: [    8.529816] Adding 3297276k swap on /swapfile.  Priority:-2 extents:8 across:3477500k FS
Oct 14 16:57:21 server1 kernel: [    8.603183] lp: driver loaded but no devices found
Oct 14 16:57:21 server1 kernel: [    8.647331] ppdev: user-space parallel port driver
Oct 14 16:57:21 server1 kernel: [    9.406475] loop0: detected capacity change from 0 to 8
Oct 14 16:57:21 server1 kernel: [    9.407144] loop1: detected capacity change from 0 to 129608
Oct 14 16:57:21 server1 kernel: [    9.444021] loop2: detected capacity change from 0 to 129976
Oct 14 16:57:21 server1 kernel: [    9.551559] loop3: detected capacity change from 0 to 151352
Oct 14 16:57:21 server1 kernel: [    9.595864] loop4: detected capacity change from 0 to 492776
Oct 14 16:57:21 server1 kernel: [    9.597075] loop5: detected capacity change from 0 to 491136
Oct 14 16:57:21 server1 kernel: [    9.622991] loop6: detected capacity change from 0 to 709280
Oct 14 16:57:21 server1 kernel: [    9.809912] loop7: detected capacity change from 0 to 716176
Oct 14 16:57:21 server1 kernel: [   10.082122] vmwgfx 0000:00:02.0: vgaarb: deactivate vga console
Oct 14 16:57:21 server1 kernel: [   10.082521] Console: switching to colour dummy device 80x25
Oct 14 16:57:21 server1 kernel: [   10.083125] vmwgfx 0000:00:02.0: [drm] FIFO at 0x00000000f0000000 size is 2048 kiB
Oct 14 16:57:21 server1 kernel: [   10.083134] vmwgfx 0000:00:02.0: [drm] VRAM at 0x00000000e0000000 size is 16384 kiB
Oct 14 16:57:21 server1 kernel: [   10.083140] vmwgfx 0000:00:02.0: [drm] Running on SVGA version 2.
Oct 14 16:57:21 server1 kernel: [   10.083144] vmwgfx 0000:00:02.0: [drm] Capabilities: rect copy, cursor, cursor bypass, cursor bypass 2, alpha cursor, extended fifo, pitchlock, irq mask, gmr, traces, gmr2, screen object 2, command buffers, 
Oct 14 16:57:21 server1 kernel: [   10.083145] vmwgfx 0000:00:02.0: [drm] DMA map mode: Caching DMA mappings.
Oct 14 16:57:21 server1 kernel: [   10.083181] vmwgfx 0000:00:02.0: [drm] Legacy memory limits: VRAM = 16384 kB, FIFO = 2048 kB, surface = 507904 kB
Oct 14 16:57:21 server1 kernel: [   10.083183] vmwgfx 0000:00:02.0: [drm] MOB limits: max mob size = 0 kB, max mob pages = 0
Oct 14 16:57:21 server1 kernel: [   10.083184] vmwgfx 0000:00:02.0: [drm] Max GMR ids is 8192
Oct 14 16:57:21 server1 kernel: [   10.083185] vmwgfx 0000:00:02.0: [drm] Max number of GMR pages is 1048576
Oct 14 16:57:21 server1 kernel: [   10.083186] vmwgfx 0000:00:02.0: [drm] Maximum display memory size is 16384 kiB
Oct 14 16:57:21 server1 kernel: [   10.083437] vmwgfx 0000:00:02.0: [drm] Screen Object display unit initialized
Oct 14 16:57:21 server1 kernel: [   10.083618] vmwgfx 0000:00:02.0: [drm] Fifo max 0x00200000 min 0x00001000 cap 0x00000355
Oct 14 16:57:21 server1 kernel: [   10.083707] vmwgfx 0000:00:02.0: [drm] Using command buffers with DMA pool.
Oct 14 16:57:21 server1 kernel: [   10.083713] vmwgfx 0000:00:02.0: [drm] Available shader model: Legacy.
Oct 14 16:57:21 server1 kernel: [   10.083717] [drm:vmw_host_printf [vmwgfx]] *ERROR* Failed to send host log message.
Oct 14 16:57:21 server1 kernel: [   10.084999] fbcon: svgadrmfb (fb0) is primary device
Oct 14 16:57:21 server1 kernel: [   10.085494] Console: switching to colour frame buffer device 100x37
Oct 14 16:57:21 server1 kernel: [   10.086756] [drm] Initialized vmwgfx 2.20.0 20211206 for 0000:00:02.0 on minor 0
Oct 14 16:57:21 server1 kernel: [   10.170965] loop8: detected capacity change from 0 to 1017816
Oct 14 16:57:21 server1 kernel: [   10.261472] loop9: detected capacity change from 0 to 187776
Oct 14 16:57:21 server1 kernel: [   10.313297] loop10: detected capacity change from 0 to 94064
Oct 14 16:57:21 server1 kernel: [   10.396879] loop11: detected capacity change from 0 to 25240
Oct 14 16:57:21 server1 kernel: [   10.421132] loop12: detected capacity change from 0 to 102072
Oct 14 16:57:21 server1 kernel: [   10.598091] loop13: detected capacity change from 0 to 83672
Oct 14 16:57:21 server1 kernel: [   10.613258] loop14: detected capacity change from 0 to 608
Oct 14 16:57:21 server1 kernel: [   10.688745] loop15: detected capacity change from 0 to 904
Oct 14 16:57:21 server1 kernel: [   12.580332] vboxguest: host-version: 7.0.6r155176 0x8000000f
Oct 14 16:57:21 server1 kernel: [   12.580866] vbg_heartbeat_init: Setting up heartbeat to trigger every 2000 milliseconds
Oct 14 16:57:21 server1 kernel: [   12.580933] input: VirtualBox mouse integration as /devices/pci0000:00/0000:00:04.0/input/input7
Oct 14 16:57:21 server1 kernel: [   12.581768] vboxguest: misc device minor 123, IRQ 20, I/O port d040, MMIO at 0x00000000f0400000 (size 0x0000000000400000)
Oct 14 16:57:21 server1 kernel: [   12.812197] RAPL PMU: API unit is 2^-32 Joules, 0 fixed counters, 10737418240 ms ovfl timer
Oct 14 16:57:21 server1 kernel: [   12.970276] cryptd: max_cpu_qlen set to 1000
Oct 14 16:57:21 server1 kernel: [   13.399753] AVX2 version of gcm_enc/dec engaged.
Oct 14 16:57:21 server1 kernel: [   13.399766] AES CTR mode by8 optimization enabled
Oct 14 16:57:21 server1 kernel: [   15.487738] snd_intel8x0 0000:00:05.0: allow list rate for 1028:0177 is 48000
Oct 14 16:57:21 server1 kernel: [   16.989834] audit: type=1400 audit(1697273836.599:2): apparmor="STATUS" operation="profile_load" profile="unconfined" name="lsb_release" pid=574 comm="apparmor_parser"
Oct 14 16:57:21 server1 kernel: [   17.103660] audit: type=1400 audit(1697273836.715:3): apparmor="STATUS" operation="profile_load" profile="unconfined" name="nvidia_modprobe" pid=584 comm="apparmor_parser"
Oct 14 16:57:21 server1 kernel: [   17.103665] audit: type=1400 audit(1697273836.715:4): apparmor="STATUS" operation="profile_load" profile="unconfined" name="nvidia_modprobe//kmod" pid=584 comm="apparmor_parser"
Oct 14 16:57:21 server1 kernel: [   17.406200] audit: type=1400 audit(1697273837.019:5): apparmor="STATUS" operation="profile_load" profile="unconfined" name="/usr/lib/NetworkManager/nm-dhcp-client.action" pid=585 comm="apparmor_parser"
Oct 14 16:57:21 server1 kernel: [   17.406204] audit: type=1400 audit(1697273837.019:6): apparmor="STATUS" operation="profile_load" profile="unconfined" name="/usr/lib/NetworkManager/nm-dhcp-helper" pid=585 comm="apparmor_parser"
Oct 14 16:57:21 server1 kernel: [   17.406205] audit: type=1400 audit(1697273837.019:7): apparmor="STATUS" operation="profile_load" profile="unconfined" name="/usr/lib/connman/scripts/dhclient-script" pid=585 comm="apparmor_parser"
Oct 14 16:57:21 server1 kernel: [   17.406207] audit: type=1400 audit(1697273837.019:8): apparmor="STATUS" operation="profile_load" profile="unconfined" name="/{,usr/}sbin/dhclient" pid=585 comm="apparmor_parser"
Oct 14 16:57:21 server1 kernel: [   17.947888] audit: type=1400 audit(1697273837.547:9): apparmor="STATUS" operation="profile_load" profile="unconfined" name="/usr/bin/evince" pid=594 comm="apparmor_parser"
Oct 14 16:57:21 server1 kernel: [   17.947893] audit: type=1400 audit(1697273837.547:10): apparmor="STATUS" operation="profile_load" profile="unconfined" name="/usr/bin/evince//sanitized_helper" pid=594 comm="apparmor_parser"
Oct 14 16:57:21 server1 kernel: [   17.947895] audit: type=1400 audit(1697273837.547:11): apparmor="STATUS" operation="profile_load" profile="unconfined" name="/usr/bin/evince-previewer" pid=594 comm="apparmor_parser"
Oct 14 16:57:26 server1 kernel: [   26.531430] e1000: enp0s3 NIC Link is Up 1000 Mbps Full Duplex, Flow Control: RX
Oct 14 16:57:26 server1 kernel: [   26.532227] IPv6: ADDRCONF(NETDEV_CHANGE): enp0s3: link becomes ready
Oct 14 16:57:26 server1 kernel: [   26.539588] e1000: enp0s8 NIC Link is Up 1000 Mbps Full Duplex, Flow Control: RX
Oct 14 16:57:26 server1 kernel: [   26.539838] IPv6: ADDRCONF(NETDEV_CHANGE): enp0s8: link becomes ready
Oct 14 16:57:29 server1 kernel: [   30.121458] kauditd_printk_skb: 36 callbacks suppressed
Oct 14 16:57:29 server1 kernel: [   30.121460] audit: type=1400 audit(1697273849.731:48): apparmor="DENIED" operation="capable" class="cap" profile="/usr/sbin/cupsd" pid=774 comm="cupsd" capability=12  capname="net_admin"
Oct 14 16:57:30 server1 kernel: [   31.031980] loop16: detected capacity change from 0 to 8
Oct 14 16:57:39 server1 kernel: [   39.859400] audit: type=1400 audit(1697273859.471:49): apparmor="DENIED" operation="capable" class="cap" profile="/snap/snapd/20290/usr/lib/snapd/snap-confine" pid=1010 comm="snap-confine" capability=12  capname="net_admin"
Oct 14 16:57:39 server1 kernel: [   39.859533] audit: type=1400 audit(1697273859.471:50): apparmor="DENIED" operation="capable" class="cap" profile="/snap/snapd/20290/usr/lib/snapd/snap-confine" pid=1010 comm="snap-confine" capability=38  capname="perfmon"
Oct 14 16:56:47 server1 kernel: [   52.730943] rfkill: input handler disabled
Oct 14 17:24:27 server1 kernel: [ 1712.780473] rfkill: input handler enabled
Oct 14 17:24:33 server1 kernel: [ 1718.685732] rfkill: input handler disabled
